LCDFunctions.c:29:6:NotExactDelay	24	static
LCDFunctions.c:36:6:SetPinandPortForOutputPushPull	16	static
LCDFunctions.c:60:6:InitializingPortsForLCD	8	static
LCDFunctions.c:77:6:SendBitToPortandPin	24	static
LCDFunctions.c:90:6:LCDEnable	8	static
LCDFunctions.c:97:6:LCDSetToWrite	8	static
LCDFunctions.c:103:6:LCDSetToRead	8	static
LCDFunctions.c:109:6:LCDCommandMode	8	static
LCDFunctions.c:116:6:LCDCharacterMode	8	static
LCDFunctions.c:122:6:LCDByte	16	static
LCDFunctions.c:140:6:LCDSendCharacter	16	static
LCDFunctions.c:151:6:LCDSendCommand	16	static
LCDFunctions.c:161:6:LCDClear	8	static
LCDFunctions.c:168:6:LCDBegin	8	static
LCDFunctions.c:179:6:LCDSendString	16	static
LCDFunctions.c:188:6:LCDSendInteger	32	dynamic
LCDFunctions.c:207:6:LCDCursorPositionBitCheck	16	static
LCDFunctions.c:223:6:LCDSetCursorPosition	16	static
